// Jest Snapshot v1, https://goo.gl/fbAQLP

exports[`rendering card components it should match with the snapshot 1`] = `
<a
  className="rounded-md overflow-hidden shadow-lg bg-WhiteDark dark:bg-DarkBlue h-96 w-80 cursor-pointer
                xl:mb-20 lg:mb-20 md:mb-20 sm:mb-10 xl:mb-10"
  href="/name/BEL"
  onClick={[Function]}
>
  <img
    className="object-cover w-full h-44"
    src="https://flagcdn.com/be.svg"
  />
  <div
    className="flex flex-col items-start justify-start h-full p-8"
  >
    <p
      className="text-orange-600 text-lg pb-4 font-bold"
    >
       
      Belgium
    </p>
    <div
      className="flex flex-col items-start justify-end"
    >
      <p
        className="text-base"
      >
        <span
          className="font-normal"
        >
          Population: 
        </span>
         
        11,555,997
      </p>
      <p
        className="text-base"
      >
        <span
          className="font-normal"
        >
          Region: 
        </span>
         
        Europe
      </p>
      <p
        className="text-base"
      >
        <span
          className="font-normal"
        >
          Capital: 
        </span>
         
        Brussels
      </p>
    </div>
  </div>
</a>
`;
