// Jest Snapshot v1, https://goo.gl/fbAQLP

exports[`rendering countryDetails components it should match with the snapshot 1`] = `
<div
  className="flex flex-col w-full h-screen 
      xl:px-20 lg:px-20 md:px-20 sm:px-5 xs:px-3
    "
>
  <div
    className="absolute"
  >
    <div
      className="
        xl:pt-10  lg:pt-10  md:pt-10  sm:pt-5  xs:pt-5  
    "
    >
      <button
        className="flex flex-row items-center rounded bg-WhiteDark dark:bg-DarkBlue text-sm shadow-lg relative
        xl:h-10  lg:h-10  md:h-10  sm:h-8  xs:h-8
        xl:px-10  lg:px-10  md:px-10  sm:px-4  xs:px-4
        xl:mt-0 lg:mt-0 md:mt-0 sm:mt-5 xs:mt-5
      "
        data-testid="back-button"
        onClick={[Function]}
      >
        <svg
          className="h-5 w-5"
          fill="currentColor"
          viewBox="0 0 20 20"
          xmlns="http://www.w3.org/2000/svg"
        >
          <path
            clipRule="evenodd"
            d="M7.707 14.707a1 1 0 01-1.414 0l-4-4a1 1 0 010-1.414l4-4a1 1 0 011.414 1.414L5.414 9H17a1 1 0 110 2H5.414l2.293 2.293a1 1 0 010 1.414z"
            fillRule="evenodd"
          />
        </svg>
        <p
          className="px-2"
        >
          Back
        </p>
      </button>
    </div>
  </div>
  <div
    className="flex 
          xl:flex-row lg:flex-row md:flex-row sm:flex-col xs:flex-col 
          xl:pt-36 lg:pt-36 md:pt-36  sm:pt-0  xs:pt-0 
          h-screen "
  >
    <div
      className="flex flex-col justify-end items-start
        xl:h-1/2 lg:h-1/2 md:h-1/2 sm:h-1/2 xs:h-1/2
        xl:w-1/2 lg:w-1/2 md:w-1/2 sm:w-full xs:w-full
        xl:mt-0 lg:mt-0 md:mt-0 sm:mt-12 xs:mt-12
    "
    >
      <div
        className="
        xl:w-5/6 lg:w-5/6 md:w-5/6 sm:w-full xs:w-full
        xl:h-full lg:h-full md:h-full sm:h-3/4 xs:h-3/4
        bg-center bg-cover  bg-no-repeat"
        style={
          Object {
            "backgroundImage": "url(https://flagcdn.com/be.svg)",
          }
        }
      />
    </div>
    <div
      className="
      xl:w-1/2 lg:w-1/2 md:w-1/2 sm:w-full xs:w-full
      xl:mt-0 lg:mt-0 md:mt-0 sm:mt-12 xs:mt-12
    "
    >
      <p
        className="text-4xl pb-8 w-full font-bold"
      >
        Belgium
      </p>
      <div
        className="flex
          xl:flex-row lg:flex-row md:flex-row sm:flex-col xs:flex-col 
          xl:h-fit lg:h-fit md:h-fit sm:h-full xs:h-full
          items-between justify-between w-full "
      >
        <div
          className=""
        >
          <p>
            <span
              className="font-normal"
            >
              Native Name:
            </span>
             
            <span
              className="font-light"
            >
              BelgiÃ«
            </span>
          </p>
          <p>
            <span
              className="font-normal"
            >
              Population:
            </span>
             
            <span
              className="font-light"
            >
              11,555,997
            </span>
          </p>
          <p>
            <span
              className="font-normal"
            >
              Region:
            </span>
             
            <span
              className="font-light"
            >
              Europe
            </span>
          </p>
          <p>
            <span
              className="font-normal"
            >
              Sub Region:
            </span>
             
            <span
              className="font-light"
            >
              Western Europe
            </span>
          </p>
          <p>
            <span
              className="font-normal"
            >
              Capital:
            </span>
             
            <span
              className="font-light"
            >
              Brussels
            </span>
          </p>
        </div>
        <div
          className=""
        >
          <p>
            <span
              className="font-normal"
            >
              Top Level Domain:
            </span>
             
            <span
              className="font-light"
            >
              .be
            </span>
          </p>
          <p>
            <span
              className="font-normal"
            >
              Currencies:
            </span>
             
            <span
              className="font-light"
            >
              Euro
            </span>
          </p>
          <p>
            <span
              className="font-normal"
            >
              Languages: 
               
            </span>
             
            <span
              className="font-light"
            >
              Dutch, 
              French, 
              German
            </span>
          </p>
        </div>
      </div>
      <div>
        <div
          className="absolute"
        >
          <div
            className="flex flex-col
          xl:flex-row lg:flex-row md:flex-row sm:flex-col xs:flex-col
          py-10 pr-5 w-full relative"
          >
            <p
              className="xl:pr-2 lg:pr-2 md:pr-2 sm:pr-0 xs:pr-0 pt-2"
            >
              Border Countries:
            </p>
            <div
              className="grid 
            xl:grid-cols-4 lg:grid-cols-4 md:grid-cols-4 sm:grid-cols-3 xs:grid-cols-3
            xl:pt-0  lg:pt-0  md:pt-0   sm:pt-2   xs:pt-2"
            >
              <div
                className="pr-1 py-1"
              >
                <div>
                  <a
                    className="flex items-center justify-center rounded bg-WhiteDark dark:bg-DarkBlue text-sm shadow-lg truncate
          xl:text-sm lg:text-sm  md:text-sm  sm:text-sm  xs:text-sm
          xl:w-28  lg:w-28  md:w-28  sm:w-24  xs:w-24
          xl:h-8  lg:h-8  md:h-8  sm:h-8  xs:h-8"
                    href="/name/FRA"
                    onClick={[Function]}
                  >
                    France
                  </a>
                </div>
              </div>
              <div
                className="pr-1 py-1"
              >
                <div>
                  <a
                    className="flex items-center justify-center rounded bg-WhiteDark dark:bg-DarkBlue text-sm shadow-lg truncate
          xl:text-sm lg:text-sm  md:text-sm  sm:text-sm  xs:text-sm
          xl:w-28  lg:w-28  md:w-28  sm:w-24  xs:w-24
          xl:h-8  lg:h-8  md:h-8  sm:h-8  xs:h-8"
                    href="/name/DEU"
                    onClick={[Function]}
                  >
                    Germany
                  </a>
                </div>
              </div>
              <div
                className="pr-1 py-1"
              >
                <div>
                  <a
                    className="flex items-center justify-center rounded bg-WhiteDark dark:bg-DarkBlue text-sm shadow-lg truncate
          xl:text-sm lg:text-sm  md:text-sm  sm:text-sm  xs:text-sm
          xl:w-28  lg:w-28  md:w-28  sm:w-24  xs:w-24
          xl:h-8  lg:h-8  md:h-8  sm:h-8  xs:h-8"
                    href="/name/LUX"
                    onClick={[Function]}
                  >
                    Luxembourg
                  </a>
                </div>
              </div>
              <div
                className="pr-1 py-1"
              >
                <div>
                  <a
                    className="flex items-center justify-center rounded bg-WhiteDark dark:bg-DarkBlue text-sm shadow-lg truncate
          xl:text-sm lg:text-sm  md:text-sm  sm:text-sm  xs:text-sm
          xl:w-28  lg:w-28  md:w-28  sm:w-24  xs:w-24
          xl:h-8  lg:h-8  md:h-8  sm:h-8  xs:h-8"
                    href="/name/NLD"
                    onClick={[Function]}
                  >
                    Netherlands
                  </a>
                </div>
              </div>
            </div>
          </div>
        </div>
      </div>
    </div>
  </div>
</div>
`;
